node : C:\Users\minho\Downloads\Jinip\openip_market\node_modules\@prisma\clie
nt\runtime\client.js:70
위치 줄:1 문자:1
+ node test-db.js > test-output.txt 2>&1; type test-output.txt
+ ~~~~~~~~~~~~~~~~~~~~~~~~~~~~~~~~~~~~~~
    + CategoryInfo          : NotSpecified: (C:\Users\minho\...me\client.js: 
   70:String) [], RemoteException
    + FullyQualifiedErrorId : NativeCommandError
 
${n}`}var hl=require("@prisma/client-runtime-utils");function wl(e){return e.
length===0?Promise.resolve([]):new Promise((t,r)=>{let n=new Array(e.length),
i=null,o=!1,s=0,a=()=>{o||(s++,s===e.length&&(o=!0,i?r(i):t(n)))},l=c=>{o||(o
=!0,r(c))};for(let c=0;c<e.length;c++)e[c].then(u=>{n[c]=u,a()},u=>{if(!(0,hl
.hasBatchIndex)(u)){l(u);return}u.batchRequestIdx===c?l(u):(i||(i=u),a())})})
}var Lt=M("prisma:client");typeof globalThis=="object"&&(globalThis.NODE_CLIE
NT=!0);var Bd={requestArgsToMiddlewareArgs:e=>e,middlewareArgsToRequestArgs:e
=>e},Qd=Symbol.for("prisma.client.transaction.id"),Hd={id:0,nextId(){return++
this.id}};function Pl(e){class t{_originalClient=this;_runtimeDataModel;_requ
estHandler;_connectionPromise;_disconnectionPromise;_engineConfig;_accelerate
EngineConfig;_clientVersion;_errorFormat;_tracingHelper;_previewFeatures;_act
iveProvider;_globalOmit;_extensions;_engine;_appliedParent;_createPrismaPromi
se=ti();constructor(n){if(!n)throw new w.PrismaClientInitializationError("`Pr
ismaClient` needs to be constructed with a non-empty, valid `PrismaClientOpti
ons`:\n\n```\nnew PrismaClient({\n  ...\n})\n```\n\nor\n\n```\nconstructor() 
{\n  super({ ... });\n}\n```\n          ",oi);e=n.__internal?.configOverride?
.(e)??e,yl(n,e);let i=new Tl.EventEmitter().on("error",()=>{});this._extensio
ns=Le.empty(),this._previewFeatures=e.previewFeatures,this._clientVersion=e.c
lientVersion??oi,this._activeProvider=e.activeProvider,this._globalOmit=n?.om
it,this._tracingHelper=nl();let o;if(n.adapter){o=n.adapter;let s=e.activePro
vider==="postgresql"||e.activeProvider==="cockroachdb"?"postgres":e.activePro
vider;if(o.provider!==s)throw new w.PrismaClientInitializationError(`The Driv
er Adapter \`${o.adapterName}\`, based on \`${o.provider}\`, is not compatibl
e with the provider \`${s}\` specified in the Prisma schema.`,this._clientVer
sion)}try{let s=n??{},l=(s.__internal??{}).debug===!0;if(l&&M.enable("prisma:
client"),s.errorFormat?this._errorFormat=s.errorFormat:process.env.NODE_ENV==
="production"?this._errorFormat="minimal":process.env.NO_COLOR?this._errorFor
mat="colorless":this._errorFormat="colorless",this._runtimeDataModel=e.runtim
eDataModel,this._engineConfig={enableDebugLogs:l,logLevel:s.log&&ol(s.log),lo
gQueries:s.log&&!!(typeof s.log=="string"?s.log==="query":s.log.find(c=>typeo
f c=="string"?c==="query":c.level==="query")),compilerWasm:e.compilerWasm,cli
entVersion:e.clientVersion,previewFeatures:this._previewFeatures,activeProvid
er:e.activeProvider,inlineSchema:e.inlineSchema,tracingHelper:this._tracingHe
lper,transactionOptions:{maxWait:s.transactionOptions?.maxWait??2e3,timeout:s
.transactionOptions?.timeout??5e3,isolationLevel:s.transactionOptions?.isolat
ionLevel},logEmitter:i,adapter:o,accelerateUrl:s.accelerateUrl,sqlCommenters:
s.comments},this._accelerateEngineConfig=Object.create(this._engineConfig),th
is._accelerateEngineConfig.accelerateUtils={resolveDatasourceUrl:()=>{if(s.ac
celerateUrl)return s.accelerateUrl;throw new w.PrismaClientInitializationErro
r(`\`accelerateUrl\` is required when using \`@prisma/extension-accelerate\`:
                                                                             
                                                                             
                                                                             
                                                                             
                                                                             
                                                                             
                                                                             
                                                                             
                                                                             
                                                                             
                                                                             
                                                                             
                             ^

PrismaClientInitializationError: `PrismaClient` needs to be constructed with 
a non-empty, valid `PrismaClientOptions`:

```
new PrismaClient({
  ...
})
```

or

```
constructor() {
  super({ ... });
}
```
          
    at new t (C:\Users\minho\Downloads\Jinip\openip_market\node_modules\@pris
ma\client\runtime\client.js:70:960)
    at Object.<anonymous> (C:\Users\minho\Downloads\Jinip\openip_market\test-
db.js:2:16)
    at Module._compile (node:internal/modules/cjs/loader:1706:14)
    at Object..js (node:internal/modules/cjs/loader:1839:10)
    at Module.load (node:internal/modules/cjs/loader:1441:32)
    at Function._load (node:internal/modules/cjs/loader:1263:12)
    at TracingChannel.traceSync (node:diagnostics_channel:322:14)
    at wrapModuleLoad (node:internal/modules/cjs/loader:237:24)
    at Function.executeUserEntryPoint [as runMain] (node:internal/modules/run
_main:171:5)
    at node:internal/main/run_main_module:36:49 {
  clientVersion: '7.3.0',
  errorCode: undefined,
  retryable: undefined
}

Node.js v22.20.0
